// Jest Snapshot v1, https://goo.gl/fbAQLP

exports[`The <Button/> component Should render button correctly 1`] = `
<DocumentFragment>
  <button
    class="Button undefined"
    type="button"
  >
    Submit
  </button>
</DocumentFragment>
`;
